// Jest Snapshot v1, https://goo.gl/fbAQLP

exports[`Template file returns a template 1`] = `
"
  <!DOCTYPE html>
  <html lang=\\"en\\">
  <head>
  <meta http-equiv=\\"content-type\\" content=\\"text/html; charset=utf-8\\">
  <title>Weather widget</title>
  <link rel=\\"stylesheet\\" href=\\"https://maxcdn.bootstrapcdn.com/bootstrap/3.3.7/css/bootstrap.min.css\\" integrity=\\"sha384-BVYiiSIFeK1dGmJRAkycuHAHRg32OmUcww7on3RYdg4Va+PmSTsz/K68vbdEjh4u\\" crossorigin=\\"anonymous\\">
  </head>
  <body>
  <div id='entry'>mockhtml</div>
  <script>window.initialState={\\"sum\\":\\"data\\"}</script>
  <script src='/app.js'></script>
  </body>
  </html>
"
`;
